ARM Linker, 5.03 [Build 24] [MDK-ARM Lite]

==============================================================================

Section Cross References

    startup_aducm360.o(RESET) refers to startup_aducm360.o(STACK) for __initial_sp
    startup_aducm360.o(RESET) refers to startup_aducm360.o(.text) for Reset_Handler
    startup_aducm360.o(RESET) refers to adcmeter.o(.text) for Ext_Int2_Handler
    startup_aducm360.o(.text) refers to entry.o(.ARM.Collect$$$$00000000) for __main
    adcmeter.o(.text) refers to adclib.o(.text) for AdcMski
    adcmeter.o(.text) refers to daclib.o(.text) for DacCfg
    adcmeter.o(.text) refers to urtlib.o(.text) for UrtCfg
    adcmeter.o(.text) refers to diolib.o(.text) for DioOen
    adcmeter.o(.text) refers to wdtlib.o(.text) for WdtCfg
    adcmeter.o(.text) refers to clklib.o(.text) for ClkDis
    adcmeter.o(.text) refers to fflti.o(.text) for __aeabi_i2f
    adcmeter.o(.text) refers to fmul.o(.text) for __aeabi_fmul
    adcmeter.o(.text) refers to f2d.o(.text) for __aeabi_f2d
    adcmeter.o(.text) refers to printfa.o(i.__0sprintf) for __2sprintf
    adcmeter.o(.text) refers to strlen.o(.text) for strlen
    adcmeter.o(.text) refers to adcmeter.o(.data) for bSendResultToUART
    adcmeter.o(.text) refers to adcmeter.o(.bss) for szTemp
    dmalib.o(.text) refers to memseta.o(.text) for __aeabi_memclr4
    dmalib.o(.text) refers to dmalib.o(.bss) for dmaChanDesc
    entry.o(.ARM.Collect$$$$00000000) refers (Special) to entry10a.o(.ARM.Collect$$$$0000000D) for __rt_final_cpp
    entry.o(.ARM.Collect$$$$00000000) refers (Special) to entry11a.o(.ARM.Collect$$$$0000000F) for __rt_final_exit
    entry.o(.ARM.Collect$$$$00000000) refers (Special) to entry7b.o(.ARM.Collect$$$$00000008) for _main_clock
    entry.o(.ARM.Collect$$$$00000000) refers (Special) to entry8b.o(.ARM.Collect$$$$0000000A) for _main_cpp_init
    entry.o(.ARM.Collect$$$$00000000) refers (Special) to entry9a.o(.ARM.Collect$$$$0000000B) for _main_init
    entry.o(.ARM.Collect$$$$00000000) refers (Special) to entry5.o(.ARM.Collect$$$$00000004) for _main_scatterload
    entry.o(.ARM.Collect$$$$00000000) refers (Special) to entry2.o(.ARM.Collect$$$$00000001) for _main_stk
    printfb.o(i.__0fprintf$bare) refers to printfb.o(i._printf_core) for _printf_core
    printfb.o(i.__0fprintf$bare) refers to fputc.o(i.fputc) for fputc
    printfb.o(i.__0printf$bare) refers to printfb.o(i._printf_core) for _printf_core
    printfb.o(i.__0printf$bare) refers to fputc.o(i.fputc) for fputc
    printfb.o(i.__0printf$bare) refers to stdout.o(.data) for __stdout
    printfb.o(i.__0snprintf$bare) refers to printfb.o(i._printf_core) for _printf_core
    printfb.o(i.__0snprintf$bare) refers to printfb.o(i._snputc) for _snputc
    printfb.o(i.__0sprintf$bare) refers to printfb.o(i._printf_core) for _printf_core
    printfb.o(i.__0sprintf$bare) refers to printfb.o(i._sputc) for _sputc
    printfb.o(i.__0vfprintf$bare) refers to printfb.o(i._printf_core) for _printf_core
    printfb.o(i.__0vfprintf$bare) refers to fputc.o(i.fputc) for fputc
    printfb.o(i.__0vprintf$bare) refers to printfb.o(i._printf_core) for _printf_core
    printfb.o(i.__0vprintf$bare) refers to fputc.o(i.fputc) for fputc
    printfb.o(i.__0vprintf$bare) refers to stdout.o(.data) for __stdout
    printfb.o(i.__0vsnprintf$bare) refers to printfb.o(i._printf_core) for _printf_core
    printfb.o(i.__0vsnprintf$bare) refers to printfb.o(i._snputc) for _snputc
    printfb.o(i.__0vsprintf$bare) refers to printfb.o(i._printf_core) for _printf_core
    printfb.o(i.__0vsprintf$bare) refers to printfb.o(i._sputc) for _sputc
    printf0.o(i.__0fprintf$0) refers to printf0.o(i._printf_core) for _printf_core
    printf0.o(i.__0fprintf$0) refers to fputc.o(i.fputc) for fputc
    printf0.o(i.__0printf$0) refers to printf0.o(i._printf_core) for _printf_core
    printf0.o(i.__0printf$0) refers to fputc.o(i.fputc) for fputc
    printf0.o(i.__0printf$0) refers to stdout.o(.data) for __stdout
    printf0.o(i.__0snprintf$0) refers to printf0.o(i._printf_core) for _printf_core
    printf0.o(i.__0snprintf$0) refers to printf0.o(i._snputc) for _snputc
    printf0.o(i.__0sprintf$0) refers to printf0.o(i._printf_core) for _printf_core
    printf0.o(i.__0sprintf$0) refers to printf0.o(i._sputc) for _sputc
    printf0.o(i.__0vfprintf$0) refers to printf0.o(i._printf_core) for _printf_core
    printf0.o(i.__0vfprintf$0) refers to fputc.o(i.fputc) for fputc
    printf0.o(i.__0vprintf$0) refers to printf0.o(i._printf_core) for _printf_core
    printf0.o(i.__0vprintf$0) refers to fputc.o(i.fputc) for fputc
    printf0.o(i.__0vprintf$0) refers to stdout.o(.data) for __stdout
    printf0.o(i.__0vsnprintf$0) refers to printf0.o(i._printf_core) for _printf_core
    printf0.o(i.__0vsnprintf$0) refers to printf0.o(i._snputc) for _snputc
    printf0.o(i.__0vsprintf$0) refers to printf0.o(i._printf_core) for _printf_core
    printf0.o(i.__0vsprintf$0) refers to printf0.o(i._sputc) for _sputc
    printf1.o(i.__0fprintf$1) refers to printf1.o(i._printf_core) for _printf_core
    printf1.o(i.__0fprintf$1) refers to fputc.o(i.fputc) for fputc
    printf1.o(i.__0printf$1) refers to printf1.o(i._printf_core) for _printf_core
    printf1.o(i.__0printf$1) refers to fputc.o(i.fputc) for fputc
    printf1.o(i.__0printf$1) refers to stdout.o(.data) for __stdout
    printf1.o(i.__0snprintf$1) refers to printf1.o(i._printf_core) for _printf_core
    printf1.o(i.__0snprintf$1) refers to printf1.o(i._snputc) for _snputc
    printf1.o(i.__0sprintf$1) refers to printf1.o(i._printf_core) for _printf_core
    printf1.o(i.__0sprintf$1) refers to printf1.o(i._sputc) for _sputc
    printf1.o(i.__0vfprintf$1) refers to printf1.o(i._printf_core) for _printf_core
    printf1.o(i.__0vfprintf$1) refers to fputc.o(i.fputc) for fputc
    printf1.o(i.__0vprintf$1) refers to printf1.o(i._printf_core) for _printf_core
    printf1.o(i.__0vprintf$1) refers to fputc.o(i.fputc) for fputc
    printf1.o(i.__0vprintf$1) refers to stdout.o(.data) for __stdout
    printf1.o(i.__0vsnprintf$1) refers to printf1.o(i._printf_core) for _printf_core
    printf1.o(i.__0vsnprintf$1) refers to printf1.o(i._snputc) for _snputc
    printf1.o(i.__0vsprintf$1) refers to printf1.o(i._printf_core) for _printf_core
    printf1.o(i.__0vsprintf$1) refers to printf1.o(i._sputc) for _sputc
    printf1.o(i._printf_core) refers to uidiv.o(.text) for __aeabi_uidivmod
    printf2.o(i.__0fprintf$2) refers to printf2.o(i._printf_core) for _printf_core
    printf2.o(i.__0fprintf$2) refers to fputc.o(i.fputc) for fputc
    printf2.o(i.__0printf$2) refers to printf2.o(i._printf_core) for _printf_core
    printf2.o(i.__0printf$2) refers to fputc.o(i.fputc) for fputc
    printf2.o(i.__0printf$2) refers to stdout.o(.data) for __stdout
    printf2.o(i.__0snprintf$2) refers to printf2.o(i._printf_core) for _printf_core
    printf2.o(i.__0snprintf$2) refers to printf2.o(i._snputc) for _snputc
    printf2.o(i.__0sprintf$2) refers to printf2.o(i._printf_core) for _printf_core
    printf2.o(i.__0sprintf$2) refers to printf2.o(i._sputc) for _sputc
    printf2.o(i.__0vfprintf$2) refers to printf2.o(i._printf_core) for _printf_core
    printf2.o(i.__0vfprintf$2) refers to fputc.o(i.fputc) for fputc
    printf2.o(i.__0vprintf$2) refers to printf2.o(i._printf_core) for _printf_core
    printf2.o(i.__0vprintf$2) refers to fputc.o(i.fputc) for fputc
    printf2.o(i.__0vprintf$2) refers to stdout.o(.data) for __stdout
    printf2.o(i.__0vsnprintf$2) refers to printf2.o(i._printf_core) for _printf_core
    printf2.o(i.__0vsnprintf$2) refers to printf2.o(i._snputc) for _snputc
    printf2.o(i.__0vsprintf$2) refers to printf2.o(i._printf_core) for _printf_core
    printf2.o(i.__0vsprintf$2) refers to printf2.o(i._sputc) for _sputc
    printf3.o(i.__0fprintf$3) refers to printf3.o(i._printf_core) for _printf_core
    printf3.o(i.__0fprintf$3) refers to fputc.o(i.fputc) for fputc
    printf3.o(i.__0printf$3) refers to printf3.o(i._printf_core) for _printf_core
    printf3.o(i.__0printf$3) refers to fputc.o(i.fputc) for fputc
    printf3.o(i.__0printf$3) refers to stdout.o(.data) for __stdout
    printf3.o(i.__0snprintf$3) refers to printf3.o(i._printf_core) for _printf_core
    printf3.o(i.__0snprintf$3) refers to printf3.o(i._snputc) for _snputc
    printf3.o(i.__0sprintf$3) refers to printf3.o(i._printf_core) for _printf_core
    printf3.o(i.__0sprintf$3) refers to printf3.o(i._sputc) for _sputc
    printf3.o(i.__0vfprintf$3) refers to printf3.o(i._printf_core) for _printf_core
    printf3.o(i.__0vfprintf$3) refers to fputc.o(i.fputc) for fputc
    printf3.o(i.__0vprintf$3) refers to printf3.o(i._printf_core) for _printf_core
    printf3.o(i.__0vprintf$3) refers to fputc.o(i.fputc) for fputc
    printf3.o(i.__0vprintf$3) refers to stdout.o(.data) for __stdout
    printf3.o(i.__0vsnprintf$3) refers to printf3.o(i._printf_core) for _printf_core
    printf3.o(i.__0vsnprintf$3) refers to printf3.o(i._snputc) for _snputc
    printf3.o(i.__0vsprintf$3) refers to printf3.o(i._printf_core) for _printf_core
    printf3.o(i.__0vsprintf$3) refers to printf3.o(i._sputc) for _sputc
    printf3.o(i._printf_core) refers to uidiv.o(.text) for __aeabi_uidivmod
    printf4.o(i.__0fprintf$4) refers to printf4.o(i._printf_core) for _printf_core
    printf4.o(i.__0fprintf$4) refers to fputc.o(i.fputc) for fputc
    printf4.o(i.__0printf$4) refers to printf4.o(i._printf_core) for _printf_core
    printf4.o(i.__0printf$4) refers to fputc.o(i.fputc) for fputc
    printf4.o(i.__0printf$4) refers to stdout.o(.data) for __stdout
    printf4.o(i.__0snprintf$4) refers to printf4.o(i._printf_core) for _printf_core
    printf4.o(i.__0snprintf$4) refers to printf4.o(i._snputc) for _snputc
    printf4.o(i.__0sprintf$4) refers to printf4.o(i._printf_core) for _printf_core
    printf4.o(i.__0sprintf$4) refers to printf4.o(i._sputc) for _sputc
    printf4.o(i.__0vfprintf$4) refers to printf4.o(i._printf_core) for _printf_core
    printf4.o(i.__0vfprintf$4) refers to fputc.o(i.fputc) for fputc
    printf4.o(i.__0vprintf$4) refers to printf4.o(i._printf_core) for _printf_core
    printf4.o(i.__0vprintf$4) refers to fputc.o(i.fputc) for fputc
    printf4.o(i.__0vprintf$4) refers to stdout.o(.data) for __stdout
    printf4.o(i.__0vsnprintf$4) refers to printf4.o(i._printf_core) for _printf_core
    printf4.o(i.__0vsnprintf$4) refers to printf4.o(i._snputc) for _snputc
    printf4.o(i.__0vsprintf$4) refers to printf4.o(i._printf_core) for _printf_core
    printf4.o(i.__0vsprintf$4) refers to printf4.o(i._sputc) for _sputc
    printf4.o(i._printf_core) refers to uldiv.o(.text) for __aeabi_uldivmod
    printf5.o(i.__0fprintf$5) refers to printf5.o(i._printf_core) for _printf_core
    printf5.o(i.__0fprintf$5) refers to fputc.o(i.fputc) for fputc
    printf5.o(i.__0printf$5) refers to printf5.o(i._printf_core) for _printf_core
    printf5.o(i.__0printf$5) refers to fputc.o(i.fputc) for fputc
    printf5.o(i.__0printf$5) refers to stdout.o(.data) for __stdout
    printf5.o(i.__0snprintf$5) refers to printf5.o(i._printf_core) for _printf_core
    printf5.o(i.__0snprintf$5) refers to printf5.o(i._snputc) for _snputc
    printf5.o(i.__0sprintf$5) refers to printf5.o(i._printf_core) for _printf_core
    printf5.o(i.__0sprintf$5) refers to printf5.o(i._sputc) for _sputc
    printf5.o(i.__0vfprintf$5) refers to printf5.o(i._printf_core) for _printf_core
    printf5.o(i.__0vfprintf$5) refers to fputc.o(i.fputc) for fputc
    printf5.o(i.__0vprintf$5) refers to printf5.o(i._printf_core) for _printf_core
    printf5.o(i.__0vprintf$5) refers to fputc.o(i.fputc) for fputc
    printf5.o(i.__0vprintf$5) refers to stdout.o(.data) for __stdout
    printf5.o(i.__0vsnprintf$5) refers to printf5.o(i._printf_core) for _printf_core
    printf5.o(i.__0vsnprintf$5) refers to printf5.o(i._snputc) for _snputc
    printf5.o(i.__0vsprintf$5) refers to printf5.o(i._printf_core) for _printf_core
    printf5.o(i.__0vsprintf$5) refers to printf5.o(i._sputc) for _sputc
    printf5.o(i._printf_core) refers to uldiv.o(.text) for __aeabi_uldivmod
    printf6.o(i.__0fprintf$6) refers to printf6.o(i._printf_core) for _printf_core
    printf6.o(i.__0fprintf$6) refers to fputc.o(i.fputc) for fputc
    printf6.o(i.__0printf$6) refers to printf6.o(i._printf_core) for _printf_core
    printf6.o(i.__0printf$6) refers to fputc.o(i.fputc) for fputc
    printf6.o(i.__0printf$6) refers to stdout.o(.data) for __stdout
    printf6.o(i.__0snprintf$6) refers to printf6.o(i._printf_core) for _printf_core
    printf6.o(i.__0snprintf$6) refers to printf6.o(i._snputc) for _snputc
    printf6.o(i.__0sprintf$6) refers to printf6.o(i._printf_core) for _printf_core
    printf6.o(i.__0sprintf$6) refers to printf6.o(i._sputc) for _sputc
    printf6.o(i.__0vfprintf$6) refers to printf6.o(i._printf_core) for _printf_core
    printf6.o(i.__0vfprintf$6) refers to fputc.o(i.fputc) for fputc
    printf6.o(i.__0vprintf$6) refers to printf6.o(i._printf_core) for _printf_core
    printf6.o(i.__0vprintf$6) refers to fputc.o(i.fputc) for fputc
    printf6.o(i.__0vprintf$6) refers to stdout.o(.data) for __stdout
    printf6.o(i.__0vsnprintf$6) refers to printf6.o(i._printf_core) for _printf_core
    printf6.o(i.__0vsnprintf$6) refers to printf6.o(i._snputc) for _snputc
    printf6.o(i.__0vsprintf$6) refers to printf6.o(i._printf_core) for _printf_core
    printf6.o(i.__0vsprintf$6) refers to printf6.o(i._sputc) for _sputc
    printf6.o(i._printf_core) refers to printf6.o(i._printf_pre_padding) for _printf_pre_padding
    printf6.o(i._printf_core) refers to uidiv.o(.text) for __aeabi_uidivmod
    printf6.o(i._printf_core) refers to printf6.o(i._printf_post_padding) for _printf_post_padding
    printf7.o(i.__0fprintf$7) refers to printf7.o(i._printf_core) for _printf_core
    printf7.o(i.__0fprintf$7) refers to fputc.o(i.fputc) for fputc
    printf7.o(i.__0printf$7) refers to printf7.o(i._printf_core) for _printf_core
    printf7.o(i.__0printf$7) refers to fputc.o(i.fputc) for fputc
    printf7.o(i.__0printf$7) refers to stdout.o(.data) for __stdout
    printf7.o(i.__0snprintf$7) refers to printf7.o(i._printf_core) for _printf_core
    printf7.o(i.__0snprintf$7) refers to printf7.o(i._snputc) for _snputc
    printf7.o(i.__0sprintf$7) refers to printf7.o(i._printf_core) for _printf_core
    printf7.o(i.__0sprintf$7) refers to printf7.o(i._sputc) for _sputc
    printf7.o(i.__0vfprintf$7) refers to printf7.o(i._printf_core) for _printf_core
    printf7.o(i.__0vfprintf$7) refers to fputc.o(i.fputc) for fputc
    printf7.o(i.__0vprintf$7) refers to printf7.o(i._printf_core) for _printf_core
    printf7.o(i.__0vprintf$7) refers to fputc.o(i.fputc) for fputc
    printf7.o(i.__0vprintf$7) refers to stdout.o(.data) for __stdout
    printf7.o(i.__0vsnprintf$7) refers to printf7.o(i._printf_core) for _printf_core
    printf7.o(i.__0vsnprintf$7) refers to printf7.o(i._snputc) for _snputc
    printf7.o(i.__0vsprintf$7) refers to printf7.o(i._printf_core) for _printf_core
    printf7.o(i.__0vsprintf$7) refers to printf7.o(i._sputc) for _sputc
    printf7.o(i._printf_core) refers to printf7.o(i._printf_pre_padding) for _printf_pre_padding
    printf7.o(i._printf_core) refers to uldiv.o(.text) for __aeabi_uldivmod
    printf7.o(i._printf_core) refers to printf7.o(i._printf_post_padding) for _printf_post_padding
    printf8.o(i.__0fprintf$8) refers to printf8.o(i._printf_core) for _printf_core
    printf8.o(i.__0fprintf$8) refers to fputc.o(i.fputc) for fputc
    printf8.o(i.__0printf$8) refers to printf8.o(i._printf_core) for _printf_core
    printf8.o(i.__0printf$8) refers to fputc.o(i.fputc) for fputc
    printf8.o(i.__0printf$8) refers to stdout.o(.data) for __stdout
    printf8.o(i.__0snprintf$8) refers to printf8.o(i._printf_core) for _printf_core
    printf8.o(i.__0snprintf$8) refers to printf8.o(i._snputc) for _snputc
    printf8.o(i.__0sprintf$8) refers to printf8.o(i._printf_core) for _printf_core
    printf8.o(i.__0sprintf$8) refers to printf8.o(i._sputc) for _sputc
    printf8.o(i.__0vfprintf$8) refers to printf8.o(i._printf_core) for _printf_core
    printf8.o(i.__0vfprintf$8) refers to fputc.o(i.fputc) for fputc
    printf8.o(i.__0vprintf$8) refers to printf8.o(i._printf_core) for _printf_core
    printf8.o(i.__0vprintf$8) refers to fputc.o(i.fputc) for fputc
    printf8.o(i.__0vprintf$8) refers to stdout.o(.data) for __stdout
    printf8.o(i.__0vsnprintf$8) refers to printf8.o(i._printf_core) for _printf_core
    printf8.o(i.__0vsnprintf$8) refers to printf8.o(i._snputc) for _snputc
    printf8.o(i.__0vsprintf$8) refers to printf8.o(i._printf_core) for _printf_core
    printf8.o(i.__0vsprintf$8) refers to printf8.o(i._sputc) for _sputc
    printf8.o(i._printf_core) refers to printf8.o(i._printf_pre_padding) for _printf_pre_padding
    printf8.o(i._printf_core) refers to uldiv.o(.text) for __aeabi_uldivmod
    printf8.o(i._printf_core) refers to printf8.o(i._printf_post_padding) for _printf_post_padding
    printfa.o(i.__0fprintf) refers (Special) to iusefp.o(.text) for __I$use$fp
    printfa.o(i.__0fprintf) refers to printfa.o(i._printf_core) for _printf_core
    printfa.o(i.__0fprintf) refers to fputc.o(i.fputc) for fputc
    printfa.o(i.__0printf) refers (Special) to iusefp.o(.text) for __I$use$fp
    printfa.o(i.__0printf) refers to printfa.o(i._printf_core) for _printf_core
    printfa.o(i.__0printf) refers to fputc.o(i.fputc) for fputc
    printfa.o(i.__0printf) refers to stdout.o(.data) for __stdout
    printfa.o(i.__0snprintf) refers (Special) to iusefp.o(.text) for __I$use$fp
    printfa.o(i.__0snprintf) refers to printfa.o(i._printf_core) for _printf_core
    printfa.o(i.__0snprintf) refers to printfa.o(i._snputc) for _snputc
    printfa.o(i.__0sprintf) refers (Special) to iusefp.o(.text) for __I$use$fp
    printfa.o(i.__0sprintf) refers to printfa.o(i._printf_core) for _printf_core
    printfa.o(i.__0sprintf) refers to printfa.o(i._sputc) for _sputc
    printfa.o(i.__0vfprintf) refers (Special) to iusefp.o(.text) for __I$use$fp
    printfa.o(i.__0vfprintf) refers to printfa.o(i._printf_core) for _printf_core
    printfa.o(i.__0vfprintf) refers to fputc.o(i.fputc) for fputc
    printfa.o(i.__0vprintf) refers (Special) to iusefp.o(.text) for __I$use$fp
    printfa.o(i.__0vprintf) refers to printfa.o(i._printf_core) for _printf_core
    printfa.o(i.__0vprintf) refers to fputc.o(i.fputc) for fputc
    printfa.o(i.__0vprintf) refers to stdout.o(.data) for __stdout
    printfa.o(i.__0vsnprintf) refers (Special) to iusefp.o(.text) for __I$use$fp
    printfa.o(i.__0vsnprintf) refers to printfa.o(i._printf_core) for _printf_core
    printfa.o(i.__0vsnprintf) refers to printfa.o(i._snputc) for _snputc
    printfa.o(i.__0vsprintf) refers (Special) to iusefp.o(.text) for __I$use$fp
    printfa.o(i.__0vsprintf) refers to printfa.o(i._printf_core) for _printf_core
    printfa.o(i.__0vsprintf) refers to printfa.o(i._sputc) for _sputc
    printfa.o(i._fp_digits) refers (Special) to iusefp.o(.text) for __I$use$fp
    printfa.o(i._fp_digits) refers to dmul.o(.text) for __aeabi_dmul
    printfa.o(i._fp_digits) refers to ddiv.o(.text) for __aeabi_ddiv
    printfa.o(i._fp_digits) refers to cdrcmple.o(.text) for __aeabi_cdrcmple
    printfa.o(i._fp_digits) refers to dadd.o(.text) for __aeabi_dadd
    printfa.o(i._fp_digits) refers to dfixul.o(.text) for __aeabi_d2ulz
    printfa.o(i._fp_digits) refers to uldiv.o(.text) for __aeabi_uldivmod
    printfa.o(i._printf_core) refers (Special) to iusefp.o(.text) for __I$use$fp
    printfa.o(i._printf_core) refers to printfa.o(i._printf_pre_padding) for _printf_pre_padding
    printfa.o(i._printf_core) refers to uldiv.o(.text) for __aeabi_uldivmod
    printfa.o(i._printf_core) refers to printfa.o(i._printf_post_padding) for _printf_post_padding
    printfa.o(i._printf_core) refers to printfa.o(i._fp_digits) for _fp_digits
    printfa.o(i._printf_core) refers to uidiv.o(.text) for __aeabi_uidivmod
    printfa.o(i._printf_post_padding) refers (Special) to iusefp.o(.text) for __I$use$fp
    printfa.o(i._printf_pre_padding) refers (Special) to iusefp.o(.text) for __I$use$fp
    printfa.o(i._snputc) refers (Special) to iusefp.o(.text) for __I$use$fp
    printfa.o(i._sputc) refers (Special) to iusefp.o(.text) for __I$use$fp
    fmul.o(.text) refers (Special) to iusefp.o(.text) for __I$use$fp
    fflti.o(.text) refers (Special) to iusefp.o(.text) for __I$use$fp
    fflti.o(.text) refers to fepilogue.o(.text) for _float_epilogue
    f2d.o(.text) refers (Special) to iusefp.o(.text) for __I$use$fp
    entry2.o(.ARM.Collect$$$$00000001) refers to entry2.o(.ARM.Collect$$$$00002712) for __lit__00000000
    entry2.o(.ARM.Collect$$$$00002712) refers to startup_aducm360.o(STACK) for __initial_sp
    entry2.o(__vectab_stack_and_reset_area) refers to startup_aducm360.o(STACK) for __initial_sp
    entry2.o(__vectab_stack_and_reset_area) refers to entry.o(.ARM.Collect$$$$00000000) for __main
    entry5.o(.ARM.Collect$$$$00000004) refers to init.o(.text) for __scatterload
    entry9a.o(.ARM.Collect$$$$0000000B) refers to adcmeter.o(.text) for main
    entry9b.o(.ARM.Collect$$$$0000000C) refers to adcmeter.o(.text) for main
    fputc.o(i.fputc) refers (Special) to iusesemip.o(.text) for __I$use$semihosting$fputc
    fputc.o(i.fputc) refers (Special) to semi.o(.text) for __semihosting_library_function
    uldiv.o(.text) refers to llushr.o(.text) for __aeabi_llsr
    uldiv.o(.text) refers to llshl.o(.text) for __aeabi_llsl
    dadd.o(.text) refers to llshl.o(.text) for __aeabi_llsl
    dadd.o(.text) refers to llsshr.o(.text) for __aeabi_lasr
    dadd.o(.text) refers to depilogue.o(.text) for _double_epilogue
    dmul.o(.text) refers to depilogue.o(.text) for _double_epilogue
    ddiv.o(.text) refers to depilogue.o(.text) for _double_round
    dfixul.o(.text) refers to llushr.o(.text) for __aeabi_llsr
    dfixul.o(.text) refers to llshl.o(.text) for __aeabi_llsl
    init.o(.text) refers to entry5.o(.ARM.Collect$$$$00000004) for __main_after_scatterload
    depilogue.o(.text) refers to llshl.o(.text) for __aeabi_llsl
    depilogue.o(.text) refers to llushr.o(.text) for __aeabi_llsr


==============================================================================

Removing Unused input sections from the image.

    Removing startup_aducm360.o(HEAP), (512 bytes).
    Removing adcmeter.o(.rev16_text), (4 bytes).
    Removing adcmeter.o(.revsh_text), (4 bytes).
    Removing wdtlib.o(.rev16_text), (4 bytes).
    Removing wdtlib.o(.revsh_text), (4 bytes).
    Removing wutlib.o(.rev16_text), (4 bytes).
    Removing wutlib.o(.revsh_text), (4 bytes).
    Removing wutlib.o(.text), (420 bytes).
    Removing adclib.o(.rev16_text), (4 bytes).
    Removing adclib.o(.revsh_text), (4 bytes).
    Removing clklib.o(.rev16_text), (4 bytes).
    Removing clklib.o(.revsh_text), (4 bytes).
    Removing daclib.o(.rev16_text), (4 bytes).
    Removing daclib.o(.revsh_text), (4 bytes).
    Removing diolib.o(.rev16_text), (4 bytes).
    Removing diolib.o(.revsh_text), (4 bytes).
    Removing gptlib.o(.rev16_text), (4 bytes).
    Removing gptlib.o(.revsh_text), (4 bytes).
    Removing gptlib.o(.text), (124 bytes).
    Removing i2clib.o(.rev16_text), (4 bytes).
    Removing i2clib.o(.revsh_text), (4 bytes).
    Removing i2clib.o(.text), (452 bytes).
    Removing iexclib.o(.rev16_text), (4 bytes).
    Removing iexclib.o(.revsh_text), (4 bytes).
    Removing iexclib.o(.text), (56 bytes).
    Removing intlib.o(.rev16_text), (4 bytes).
    Removing intlib.o(.revsh_text), (4 bytes).
    Removing intlib.o(.text), (132 bytes).
    Removing pwmlib.o(.rev16_text), (4 bytes).
    Removing pwmlib.o(.revsh_text), (4 bytes).
    Removing pwmlib.o(.text), (300 bytes).
    Removing rstlib.o(.rev16_text), (4 bytes).
    Removing rstlib.o(.revsh_text), (4 bytes).
    Removing rstlib.o(.text), (28 bytes).
    Removing spilib.o(.rev16_text), (4 bytes).
    Removing spilib.o(.revsh_text), (4 bytes).
    Removing spilib.o(.text), (196 bytes).
    Removing urtlib.o(.rev16_text), (4 bytes).
    Removing urtlib.o(.revsh_text), (4 bytes).
    Removing dmalib.o(.rev16_text), (4 bytes).
    Removing dmalib.o(.revsh_text), (4 bytes).
    Removing dmalib.o(.text), (1888 bytes).
    Removing dmalib.o(.bss), (512 bytes).

43 unused section(s) (total 4748 bytes) removed from the image.

==============================================================================

Image Symbol Table

    Local Symbols

    Symbol Name                              Value     Ov Type        Size  Object(Section)

    RESET                                    0x00000000   Section      224  startup_aducm360.o(RESET)
    ../clib/microlib/division.c              0x00000000   Number         0  uidiv.o ABSOLUTE
    ../clib/microlib/division.c              0x00000000   Number         0  uldiv.o ABSOLUTE
    ../clib/microlib/init/entry.s            0x00000000   Number         0  entry.o ABSOLUTE
    ../clib/microlib/init/entry.s            0x00000000   Number         0  entry8b.o ABSOLUTE
    ../clib/microlib/init/entry.s            0x00000000   Number         0  entry2.o ABSOLUTE
    ../clib/microlib/init/entry.s            0x00000000   Number         0  entry10b.o ABSOLUTE
    ../clib/microlib/init/entry.s            0x00000000   Number         0  entry7a.o ABSOLUTE
    ../clib/microlib/init/entry.s            0x00000000   Number         0  entry9a.o ABSOLUTE
    ../clib/microlib/init/entry.s            0x00000000   Number         0  entry11b.o ABSOLUTE
    ../clib/microlib/init/entry.s            0x00000000   Number         0  entry9b.o ABSOLUTE
    ../clib/microlib/init/entry.s            0x00000000   Number         0  entry5.o ABSOLUTE
    ../clib/microlib/init/entry.s            0x00000000   Number         0  entry11a.o ABSOLUTE
    ../clib/microlib/init/entry.s            0x00000000   Number         0  entry7b.o ABSOLUTE
    ../clib/microlib/init/entry.s            0x00000000   Number         0  entry8a.o ABSOLUTE
    ../clib/microlib/init/entry.s            0x00000000   Number         0  entry10a.o ABSOLUTE
    ../clib/microlib/longlong.c              0x00000000   Number         0  llshl.o ABSOLUTE
    ../clib/microlib/longlong.c              0x00000000   Number         0  llushr.o ABSOLUTE
    ../clib/microlib/longlong.c              0x00000000   Number         0  llsshr.o ABSOLUTE
    ../clib/microlib/printf/printf.c         0x00000000   Number         0  printf1.o ABSOLUTE
    ../clib/microlib/printf/printf.c         0x00000000   Number         0  printfa.o ABSOLUTE
    ../clib/microlib/printf/printf.c         0x00000000   Number         0  printf8.o ABSOLUTE
    ../clib/microlib/printf/printf.c         0x00000000   Number         0  printf7.o ABSOLUTE
    ../clib/microlib/printf/printf.c         0x00000000   Number         0  printf6.o ABSOLUTE
    ../clib/microlib/printf/printf.c         0x00000000   Number         0  printf5.o ABSOLUTE
    ../clib/microlib/printf/printf.c         0x00000000   Number         0  printfb.o ABSOLUTE
    ../clib/microlib/printf/printf.c         0x00000000   Number         0  printf3.o ABSOLUTE
    ../clib/microlib/printf/printf.c         0x00000000   Number         0  printf2.o ABSOLUTE
    ../clib/microlib/printf/printf.c         0x00000000   Number         0  printf0.o ABSOLUTE
    ../clib/microlib/printf/printf.c         0x00000000   Number         0  printf4.o ABSOLUTE
    ../clib/microlib/printf/stubs.s          0x00000000   Number         0  stubs.o ABSOLUTE
    ../clib/microlib/stdio/fputc.c           0x00000000   Number         0  fputc.o ABSOLUTE
    ../clib/microlib/stdio/semi.s            0x00000000   Number         0  semi.o ABSOLUTE
    ../clib/microlib/stdio/streams.c         0x00000000   Number         0  stdout.o ABSOLUTE
    ../clib/microlib/string/memset.c         0x00000000   Number         0  memseta.o ABSOLUTE
    ../clib/microlib/string/strlen.c         0x00000000   Number         0  strlen.o ABSOLUTE
    ../clib/microlib/stubs.s                 0x00000000   Number         0  iusefp.o ABSOLUTE
    ../clib/microlib/stubs.s                 0x00000000   Number         0  iusesemip.o ABSOLUTE
    ../fplib/microlib/f2d.c                  0x00000000   Number         0  f2d.o ABSOLUTE
    ../fplib/microlib/fpadd.c                0x00000000   Number         0  dadd.o ABSOLUTE
    ../fplib/microlib/fpdiv.c                0x00000000   Number         0  ddiv.o ABSOLUTE
    ../fplib/microlib/fpepilogue.c           0x00000000   Number         0  depilogue.o ABSOLUTE
    ../fplib/microlib/fpepilogue.c           0x00000000   Number         0  fepilogue.o ABSOLUTE
    ../fplib/microlib/fpfix.c                0x00000000   Number         0  dfixul.o ABSOLUTE
    ../fplib/microlib/fpflt.c                0x00000000   Number         0  fflti.o ABSOLUTE
    ../fplib/microlib/fpmul.c                0x00000000   Number         0  fmul.o ABSOLUTE
    ../fplib/microlib/fpmul.c                0x00000000   Number         0  dmul.o ABSOLUTE
    ..\..\common\AdcLib.c                    0x00000000   Number         0  adclib.o ABSOLUTE
    ..\..\common\ClkLib.c                    0x00000000   Number         0  clklib.o ABSOLUTE
    ..\..\common\DacLib.c                    0x00000000   Number         0  daclib.o ABSOLUTE
    ..\..\common\DioLib.c                    0x00000000   Number         0  diolib.o ABSOLUTE
    ..\..\common\DmaLib.c                    0x00000000   Number         0  dmalib.o ABSOLUTE
    ..\..\common\GptLib.c                    0x00000000   Number         0  gptlib.o ABSOLUTE
    ..\..\common\I2cLib.c                    0x00000000   Number         0  i2clib.o ABSOLUTE
    ..\..\common\IexcLib.c                   0x00000000   Number         0  iexclib.o ABSOLUTE
    ..\..\common\IntLib.c                    0x00000000   Number         0  intlib.o ABSOLUTE
    ..\..\common\PwmLib.c                    0x00000000   Number         0  pwmlib.o ABSOLUTE
    ..\..\common\Realview\startup_ADuCM360.s 0x00000000   Number         0  startup_aducm360.o ABSOLUTE
    ..\..\common\RstLib.c                    0x00000000   Number         0  rstlib.o ABSOLUTE
    ..\..\common\SpiLib.c                    0x00000000   Number         0  spilib.o ABSOLUTE
    ..\..\common\UrtLib.c                    0x00000000   Number         0  urtlib.o ABSOLUTE
    ..\..\common\WdtLib.c                    0x00000000   Number         0  wdtlib.o ABSOLUTE
    ..\..\common\WutLib.c                    0x00000000   Number         0  wutlib.o ABSOLUTE
    ..\\..\\common\\AdcLib.c                 0x00000000   Number         0  adclib.o ABSOLUTE
    ..\\..\\common\\ClkLib.c                 0x00000000   Number         0  clklib.o ABSOLUTE
    ..\\..\\common\\DacLib.c                 0x00000000   Number         0  daclib.o ABSOLUTE
    ..\\..\\common\\DioLib.c                 0x00000000   Number         0  diolib.o ABSOLUTE
    ..\\..\\common\\DmaLib.c                 0x00000000   Number         0  dmalib.o ABSOLUTE
    ..\\..\\common\\GptLib.c                 0x00000000   Number         0  gptlib.o ABSOLUTE
    ..\\..\\common\\I2cLib.c                 0x00000000   Number         0  i2clib.o ABSOLUTE
    ..\\..\\common\\IexcLib.c                0x00000000   Number         0  iexclib.o ABSOLUTE
    ..\\..\\common\\IntLib.c                 0x00000000   Number         0  intlib.o ABSOLUTE
    ..\\..\\common\\PwmLib.c                 0x00000000   Number         0  pwmlib.o ABSOLUTE
    ..\\..\\common\\RstLib.c                 0x00000000   Number         0  rstlib.o ABSOLUTE
    ..\\..\\common\\SpiLib.c                 0x00000000   Number         0  spilib.o ABSOLUTE
    ..\\..\\common\\UrtLib.c                 0x00000000   Number         0  urtlib.o ABSOLUTE
    ..\\..\\common\\WdtLib.c                 0x00000000   Number         0  wdtlib.o ABSOLUTE
    ..\\..\\common\\WutLib.c                 0x00000000   Number         0  wutlib.o ABSOLUTE
    ADCMeter.c                               0x00000000   Number         0  adcmeter.o ABSOLUTE
    ADCMeter.c                               0x00000000   Number         0  adcmeter.o ABSOLUTE
    cdrcmple.s                               0x00000000   Number         0  cdrcmple.o ABSOLUTE
    dc.s                                     0x00000000   Number         0  dc.o ABSOLUTE
    handlers.s                               0x00000000   Number         0  handlers.o ABSOLUTE
    init.s                                   0x00000000   Number         0  init.o ABSOLUTE
    .ARM.Collect$$$$00000000                 0x000000e0   Section        0  entry.o(.ARM.Collect$$$$00000000)
    .ARM.Collect$$$$00000001                 0x000000e0   Section        4  entry2.o(.ARM.Collect$$$$00000001)
    .ARM.Collect$$$$00000004                 0x000000e4   Section        4  entry5.o(.ARM.Collect$$$$00000004)
    .ARM.Collect$$$$00000008                 0x000000e8   Section        0  entry7b.o(.ARM.Collect$$$$00000008)
    .ARM.Collect$$$$0000000A                 0x000000e8   Section        0  entry8b.o(.ARM.Collect$$$$0000000A)
    .ARM.Collect$$$$0000000B                 0x000000e8   Section        8  entry9a.o(.ARM.Collect$$$$0000000B)
    .ARM.Collect$$$$0000000D                 0x000000f0   Section        0  entry10a.o(.ARM.Collect$$$$0000000D)
    .ARM.Collect$$$$0000000F                 0x000000f0   Section        0  entry11a.o(.ARM.Collect$$$$0000000F)
    .ARM.Collect$$$$00002712                 0x000000f0   Section        4  entry2.o(.ARM.Collect$$$$00002712)
    __lit__00000000                          0x000000f0   Data           4  entry2.o(.ARM.Collect$$$$00002712)
    .text                                    0x000000f4   Section       28  startup_aducm360.o(.text)
    .text                                    0x00000110   Section        0  adcmeter.o(.text)
    NVIC_EnableIRQ                           0x00000309   Thumb Code    24  adcmeter.o(.text)
    .text                                    0x00000364   Section        0  wdtlib.o(.text)
    .text                                    0x000003dc   Section        0  adclib.o(.text)
    .text                                    0x00000634   Section        0  clklib.o(.text)
    .text                                    0x000006ac   Section        0  daclib.o(.text)
    .text                                    0x00000780   Section        0  diolib.o(.text)
    .text                                    0x00000890   Section        0  urtlib.o(.text)
    .text                                    0x0000099c   Section        0  strlen.o(.text)
    .text                                    0x000009aa   Section        0  fmul.o(.text)
    .text                                    0x00000a16   Section        0  fflti.o(.text)
    .text                                    0x00000a28   Section        0  f2d.o(.text)
    .text                                    0x00000a4e   Section        0  uidiv.o(.text)
    .text                                    0x00000a7a   Section        0  uldiv.o(.text)
    .text                                    0x00000adc   Section        0  iusefp.o(.text)
    .text                                    0x00000adc   Section        0  fepilogue.o(.text)
    .text                                    0x00000b48   Section        0  dadd.o(.text)
    .text                                    0x00000c96   Section        0  dmul.o(.text)
    .text                                    0x00000d7a   Section        0  ddiv.o(.text)
    .text                                    0x00000e58   Section        0  dfixul.o(.text)
    .text                                    0x00000e88   Section       40  cdrcmple.o(.text)
    .text                                    0x00000eb0   Section       36  init.o(.text)
    .text                                    0x00000ed4   Section        0  llshl.o(.text)
    .text                                    0x00000ef2   Section        0  llushr.o(.text)
    .text                                    0x00000f12   Section        0  llsshr.o(.text)
    .text                                    0x00000f36   Section        0  depilogue.o(.text)
    i.__0sprintf                             0x00000ff4   Section        0  printfa.o(i.__0sprintf)
    i.__scatterload_copy                     0x0000101c   Section       14  handlers.o(i.__scatterload_copy)
    i.__scatterload_null                     0x0000102a   Section        2  handlers.o(i.__scatterload_null)
    i.__scatterload_zeroinit                 0x0000102c   Section       14  handlers.o(i.__scatterload_zeroinit)
    i._fp_digits                             0x0000103c   Section        0  printfa.o(i._fp_digits)
    _fp_digits                               0x0000103d   Thumb Code   326  printfa.o(i._fp_digits)
    i._printf_core                           0x00001198   Section        0  printfa.o(i._printf_core)
    _printf_core                             0x00001199   Thumb Code  1762  printfa.o(i._printf_core)
    i._printf_post_padding                   0x00001888   Section        0  printfa.o(i._printf_post_padding)
    _printf_post_padding                     0x00001889   Thumb Code    38  printfa.o(i._printf_post_padding)
    i._printf_pre_padding                    0x000018ae   Section        0  printfa.o(i._printf_pre_padding)
    _printf_pre_padding                      0x000018af   Thumb Code    48  printfa.o(i._printf_pre_padding)
    i._sputc                                 0x000018de   Section        0  printfa.o(i._sputc)
    _sputc                                   0x000018df   Thumb Code    10  printfa.o(i._sputc)
    .data                                    0x20000000   Section       20  adcmeter.o(.data)
    .bss                                     0x20000014   Section       64  adcmeter.o(.bss)
    STACK                                    0x20000058   Section     1024  startup_aducm360.o(STACK)

    Global Symbols

    Symbol Name                              Value     Ov Type        Size  Object(Section)

    BuildAttributes$$THM_ISAv4$P$D$K$B$S$PE$A:L22UL41UL21$X:L11$S22US41US21$IEEE1$IW$USESV6$~STKCKD$USESV7$~SHL$OTIME$ROPI$EBA8$MICROLIB$REQ8$PRES8$EABIv2 0x00000000   Number         0  anon$$obj.o ABSOLUTE
    __ARM_use_no_argv                        0x00000000   Number         0  adcmeter.o ABSOLUTE
    __Vectors                                0x00000000   Data           4  startup_aducm360.o(RESET)
    _printf_a                                0x00000000   Number         0  stubs.o ABSOLUTE
    _printf_c                                0x00000000   Number         0  stubs.o ABSOLUTE
    _printf_charcount                        0x00000000   Number         0  stubs.o ABSOLUTE
    _printf_d                                0x00000000   Number         0  stubs.o ABSOLUTE
    _printf_e                                0x00000000   Number         0  stubs.o ABSOLUTE
    _printf_f                                0x00000000   Number         0  stubs.o ABSOLUTE
    _printf_flags                            0x00000000   Number         0  stubs.o ABSOLUTE
    _printf_fp_dec                           0x00000000   Number         0  stubs.o ABSOLUTE
    _printf_fp_hex                           0x00000000   Number         0  stubs.o ABSOLUTE
    _printf_g                                0x00000000   Number         0  stubs.o ABSOLUTE
    _printf_i                                0x00000000   Number         0  stubs.o ABSOLUTE
    _printf_int_dec                          0x00000000   Number         0  stubs.o ABSOLUTE
    _printf_l                                0x00000000   Number         0  stubs.o ABSOLUTE
    _printf_lc                               0x00000000   Number         0  stubs.o ABSOLUTE
    _printf_ll                               0x00000000   Number         0  stubs.o ABSOLUTE
    _printf_lld                              0x00000000   Number         0  stubs.o ABSOLUTE
    _printf_lli                              0x00000000   Number         0  stubs.o ABSOLUTE
    _printf_llo                              0x00000000   Number         0  stubs.o ABSOLUTE
    _printf_llu                              0x00000000   Number         0  stubs.o ABSOLUTE
    _printf_llx                              0x00000000   Number         0  stubs.o ABSOLUTE
    _printf_longlong_dec                     0x00000000   Number         0  stubs.o ABSOLUTE
    _printf_longlong_hex                     0x00000000   Number         0  stubs.o ABSOLUTE
    _printf_longlong_oct                     0x00000000   Number         0  stubs.o ABSOLUTE
    _printf_ls                               0x00000000   Number         0  stubs.o ABSOLUTE
    _printf_mbtowc                           0x00000000   Number         0  stubs.o ABSOLUTE
    _printf_n                                0x00000000   Number         0  stubs.o ABSOLUTE
    _printf_o                                0x00000000   Number         0  stubs.o ABSOLUTE
    _printf_p                                0x00000000   Number         0  stubs.o ABSOLUTE
    _printf_percent                          0x00000000   Number         0  stubs.o ABSOLUTE
    _printf_pre_padding                      0x00000000   Number         0  stubs.o ABSOLUTE
    _printf_return_value                     0x00000000   Number         0  stubs.o ABSOLUTE
    _printf_s                                0x00000000   Number         0  stubs.o ABSOLUTE
    _printf_sizespec                         0x00000000   Number         0  stubs.o ABSOLUTE
    _printf_str                              0x00000000   Number         0  stubs.o ABSOLUTE
    _printf_truncate_signed                  0x00000000   Number         0  stubs.o ABSOLUTE
    _printf_truncate_unsigned                0x00000000   Number         0  stubs.o ABSOLUTE
    _printf_u                                0x00000000   Number         0  stubs.o ABSOLUTE
    _printf_wc                               0x00000000   Number         0  stubs.o ABSOLUTE
    _printf_wctomb                           0x00000000   Number         0  stubs.o ABSOLUTE
    _printf_widthprec                        0x00000000   Number         0  stubs.o ABSOLUTE
    _printf_x                                0x00000000   Number         0  stubs.o ABSOLUTE
    __cpp_initialize__aeabi_                  - Undefined Weak Reference
    __cxa_finalize                            - Undefined Weak Reference
    __decompress                              - Undefined Weak Reference
    _clock_init                               - Undefined Weak Reference
    _microlib_exit                            - Undefined Weak Reference
    __Vectors_End                            0x000000e0   Data           0  startup_aducm360.o(RESET)
    __Vectors_Size                           0x000000e0   Number         0  startup_aducm360.o ABSOLUTE
    __main                                   0x000000e1   Thumb Code     0  entry.o(.ARM.Collect$$$$00000000)
    _main_stk                                0x000000e1   Thumb Code     0  entry2.o(.ARM.Collect$$$$00000001)
    _main_scatterload                        0x000000e5   Thumb Code     0  entry5.o(.ARM.Collect$$$$00000004)
    __main_after_scatterload                 0x000000e9   Thumb Code     0  entry5.o(.ARM.Collect$$$$00000004)
    _main_clock                              0x000000e9   Thumb Code     0  entry7b.o(.ARM.Collect$$$$00000008)
    _main_cpp_init                           0x000000e9   Thumb Code     0  entry8b.o(.ARM.Collect$$$$0000000A)
    _main_init                               0x000000e9   Thumb Code     0  entry9a.o(.ARM.Collect$$$$0000000B)
    __rt_final_cpp                           0x000000f1   Thumb Code     0  entry10a.o(.ARM.Collect$$$$0000000D)
    __rt_final_exit                          0x000000f1   Thumb Code     0  entry11a.o(.ARM.Collect$$$$0000000F)
    Reset_Handler                            0x000000f5   Thumb Code     4  startup_aducm360.o(.text)
    NMI_Handler                              0x000000f9   Thumb Code     2  startup_aducm360.o(.text)
    HardFault_Handler                        0x000000fb   Thumb Code     2  startup_aducm360.o(.text)
    MemManage_Handler                        0x000000fd   Thumb Code     2  startup_aducm360.o(.text)
    BusFault_Handler                         0x000000ff   Thumb Code     2  startup_aducm360.o(.text)
    UsageFault_Handler                       0x00000101   Thumb Code     2  startup_aducm360.o(.text)
    SVC_Handler                              0x00000103   Thumb Code     2  startup_aducm360.o(.text)
    DebugMon_Handler                         0x00000105   Thumb Code     2  startup_aducm360.o(.text)
    PendSV_Handler                           0x00000107   Thumb Code     2  startup_aducm360.o(.text)
    SysTick_Handler                          0x00000109   Thumb Code     2  startup_aducm360.o(.text)
    DMA_ADC0_Int_Handler                     0x0000010b   Thumb Code     0  startup_aducm360.o(.text)
    DMA_ADC1_Int_Handler                     0x0000010b   Thumb Code     0  startup_aducm360.o(.text)
    DMA_DAC_Out_Int_Handler                  0x0000010b   Thumb Code     0  startup_aducm360.o(.text)
    DMA_Err_Int_Handler                      0x0000010b   Thumb Code     0  startup_aducm360.o(.text)
    DMA_I2C0_MRX_Int_Handler                 0x0000010b   Thumb Code     0  startup_aducm360.o(.text)
    DMA_I2C0_MTX_Int_Handler                 0x0000010b   Thumb Code     0  startup_aducm360.o(.text)
    DMA_I2C0_SRX_Int_Handler                 0x0000010b   Thumb Code     0  startup_aducm360.o(.text)
    DMA_I2C0_STX_Int_Handler                 0x0000010b   Thumb Code     0  startup_aducm360.o(.text)
    DMA_SINC2_Int_Handler                    0x0000010b   Thumb Code     0  startup_aducm360.o(.text)
    DMA_SPI1_RX_Int_Handler                  0x0000010b   Thumb Code     0  startup_aducm360.o(.text)
    DMA_SPI1_TX_Int_Handler                  0x0000010b   Thumb Code     0  startup_aducm360.o(.text)
    DMA_UART_RX_Int_Handler                  0x0000010b   Thumb Code     0  startup_aducm360.o(.text)
    DMA_UART_TX_Int_Handler                  0x0000010b   Thumb Code     0  startup_aducm360.o(.text)
    Ext_Int0_Handler                         0x0000010b   Thumb Code     0  startup_aducm360.o(.text)
    Ext_Int1_Handler                         0x0000010b   Thumb Code     0  startup_aducm360.o(.text)
    Ext_Int3_Handler                         0x0000010b   Thumb Code     0  startup_aducm360.o(.text)
    Ext_Int5_Handler                         0x0000010b   Thumb Code     0  startup_aducm360.o(.text)
    Ext_Int6_Handler                         0x0000010b   Thumb Code     0  startup_aducm360.o(.text)
    Ext_Int7_Handler                         0x0000010b   Thumb Code     0  startup_aducm360.o(.text)
    Flsh_Int_Handler                         0x0000010b   Thumb Code     0  startup_aducm360.o(.text)
    I2C0_Master_Int_Handler                  0x0000010b   Thumb Code     0  startup_aducm360.o(.text)
    I2C0_Slave_Int_Handler                   0x0000010b   Thumb Code     0  startup_aducm360.o(.text)
    SPI0_Int_Handler                         0x0000010b   Thumb Code     0  startup_aducm360.o(.text)
    SPI1_Int_Handler                         0x0000010b   Thumb Code     0  startup_aducm360.o(.text)
    WDog_Tmr_Int_Handler                     0x0000010b   Thumb Code     0  startup_aducm360.o(.text)
    WakeUp_Int_Handler                       0x0000010b   Thumb Code     0  startup_aducm360.o(.text)
    ADC1INIT                                 0x00000111   Thumb Code    62  adcmeter.o(.text)
    DACINIT                                  0x0000014f   Thumb Code    24  adcmeter.o(.text)
    UARTINIT                                 0x00000167   Thumb Code    48  adcmeter.o(.text)
    main                                     0x00000197   Thumb Code   238  adcmeter.o(.text)
    delay                                    0x00000285   Thumb Code    10  adcmeter.o(.text)
    Ext_Int2_Handler                         0x0000028f   Thumb Code     2  adcmeter.o(.text)
    Ext_Int4_Handler                         0x00000291   Thumb Code     2  adcmeter.o(.text)
    GP_Tmr0_Int_Handler                      0x00000293   Thumb Code     2  adcmeter.o(.text)
    GP_Tmr1_Int_Handler                      0x00000295   Thumb Code     2  adcmeter.o(.text)
    ADC0_Int_Handler                         0x00000297   Thumb Code     2  adcmeter.o(.text)
    ADC1_Int_Handler                         0x00000299   Thumb Code    30  adcmeter.o(.text)
    SINC2_Int_Handler                        0x000002b7   Thumb Code     2  adcmeter.o(.text)
    UART_Int_Handler                         0x000002b9   Thumb Code    72  adcmeter.o(.text)
    PWMTRIP_Int_Handler                      0x00000301   Thumb Code     2  adcmeter.o(.text)
    PWM0_Int_Handler                         0x00000303   Thumb Code     2  adcmeter.o(.text)
    PWM1_Int_Handler                         0x00000305   Thumb Code     2  adcmeter.o(.text)
    PWM2_Int_Handler                         0x00000307   Thumb Code     2  adcmeter.o(.text)
    WdtCfg                                   0x00000365   Thumb Code    32  wdtlib.o(.text)
    WdtGo                                    0x00000385   Thumb Code    24  wdtlib.o(.text)
    WdtLd                                    0x0000039d   Thumb Code    12  wdtlib.o(.text)
    WdtVal                                   0x000003a9   Thumb Code     8  wdtlib.o(.text)
    WdtSta                                   0x000003b1   Thumb Code     8  wdtlib.o(.text)
    WdtClrInt                                0x000003b9   Thumb Code    24  wdtlib.o(.text)
    AdcRng                                   0x000003dd   Thumb Code    52  adclib.o(.text)
    AdcFlt                                   0x00000411   Thumb Code    36  adclib.o(.text)
    AdcGo                                    0x00000435   Thumb Code    48  adclib.o(.text)
    AdcSta                                   0x00000465   Thumb Code     6  adclib.o(.text)
    AdcDetSta                                0x0000046b   Thumb Code     6  adclib.o(.text)
    AdcRd                                    0x00000471   Thumb Code     6  adclib.o(.text)
    AdcStpRd                                 0x00000477   Thumb Code     6  adclib.o(.text)
    AdcBuf                                   0x0000047d   Thumb Code    42  adclib.o(.text)
    AdcDiag                                  0x000004a7   Thumb Code    22  adclib.o(.text)
    AdcPin                                   0x000004bd   Thumb Code    34  adclib.o(.text)
    AdcMski                                  0x000004df   Thumb Code    10  adclib.o(.text)
    AdcBias                                  0x000004e9   Thumb Code    38  adclib.o(.text)
    AdcPGAErr                                0x0000050f   Thumb Code    50  adclib.o(.text)
    AdcDetCon                                0x00000541   Thumb Code    20  adclib.o(.text)
    AdcDmaCon                                0x00000555   Thumb Code   194  adclib.o(.text)
    ClkCfg                                   0x00000635   Thumb Code    38  clklib.o(.text)
    ClkSel                                   0x0000065b   Thumb Code    46  clklib.o(.text)
    ClkDis                                   0x00000689   Thumb Code    10  clklib.o(.text)
    XOSCCfg                                  0x00000693   Thumb Code    16  clklib.o(.text)
    DacWr                                    0x000006ad   Thumb Code    10  daclib.o(.text)
    DacCfg                                   0x000006b7   Thumb Code    44  daclib.o(.text)
    DacSync                                  0x000006e3   Thumb Code   116  daclib.o(.text)
    DacDma                                   0x00000757   Thumb Code    34  daclib.o(.text)
    DioCfg                                   0x00000781   Thumb Code     8  diolib.o(.text)
    DioDrv                                   0x00000789   Thumb Code    14  diolib.o(.text)
    DioOen                                   0x00000797   Thumb Code     8  diolib.o(.text)
    DioPul                                   0x0000079f   Thumb Code     8  diolib.o(.text)
    DioOce                                   0x000007a7   Thumb Code     8  diolib.o(.text)
    DioTriState                              0x000007af   Thumb Code    14  diolib.o(.text)
    DioCfgPin                                0x000007bd   Thumb Code    38  diolib.o(.text)
    DioOenPin                                0x000007e3   Thumb Code    32  diolib.o(.text)
    DioPulPin                                0x00000803   Thumb Code    32  diolib.o(.text)
    DioOcePin                                0x00000823   Thumb Code    32  diolib.o(.text)
    DioTriStatePin                           0x00000843   Thumb Code    32  diolib.o(.text)
    DioRd                                    0x00000863   Thumb Code     6  diolib.o(.text)
    DioWr                                    0x00000869   Thumb Code     8  diolib.o(.text)
    DioSet                                   0x00000871   Thumb Code     8  diolib.o(.text)
    DioClr                                   0x00000879   Thumb Code    12  diolib.o(.text)
    DioTgl                                   0x00000885   Thumb Code    12  diolib.o(.text)
    UrtCfg                                   0x00000891   Thumb Code   152  urtlib.o(.text)
    UrtBrk                                   0x00000929   Thumb Code    26  urtlib.o(.text)
    UrtLinSta                                0x00000943   Thumb Code     6  urtlib.o(.text)
    UrtTx                                    0x00000949   Thumb Code    20  urtlib.o(.text)
    UrtRx                                    0x0000095d   Thumb Code     6  urtlib.o(.text)
    UrtMod                                   0x00000963   Thumb Code    10  urtlib.o(.text)
    UrtModSta                                0x0000096d   Thumb Code     6  urtlib.o(.text)
    UrtDma                                   0x00000973   Thumb Code    16  urtlib.o(.text)
    UrtIntCfg                                0x00000983   Thumb Code     8  urtlib.o(.text)
    UrtIntSta                                0x0000098b   Thumb Code     6  urtlib.o(.text)
    strlen                                   0x0000099d   Thumb Code    14  strlen.o(.text)
    __aeabi_fmul                             0x000009ab   Thumb Code   108  fmul.o(.text)
    __aeabi_i2f                              0x00000a17   Thumb Code    18  fflti.o(.text)
    __aeabi_f2d                              0x00000a29   Thumb Code    38  f2d.o(.text)
    __aeabi_uidiv                            0x00000a4f   Thumb Code     0  uidiv.o(.text)
    __aeabi_uidivmod                         0x00000a4f   Thumb Code    44  uidiv.o(.text)
    __aeabi_uldivmod                         0x00000a7b   Thumb Code    98  uldiv.o(.text)
    __I$use$fp                               0x00000add   Thumb Code     0  iusefp.o(.text)
    _float_round                             0x00000add   Thumb Code    18  fepilogue.o(.text)
    _float_epilogue                          0x00000aef   Thumb Code    90  fepilogue.o(.text)
    __aeabi_dadd                             0x00000b49   Thumb Code   322  dadd.o(.text)
    __aeabi_dsub                             0x00000c8b   Thumb Code     6  dadd.o(.text)
    __aeabi_drsub                            0x00000c91   Thumb Code     6  dadd.o(.text)
    __aeabi_dmul                             0x00000c97   Thumb Code   228  dmul.o(.text)
    __aeabi_ddiv                             0x00000d7b   Thumb Code   222  ddiv.o(.text)
    __aeabi_d2ulz                            0x00000e59   Thumb Code    48  dfixul.o(.text)
    __aeabi_cdrcmple                         0x00000e89   Thumb Code    38  cdrcmple.o(.text)
    __scatterload                            0x00000eb1   Thumb Code    28  init.o(.text)
    __scatterload_rt2                        0x00000eb1   Thumb Code     0  init.o(.text)
    __aeabi_llsl                             0x00000ed5   Thumb Code    30  llshl.o(.text)
    _ll_shift_l                              0x00000ed5   Thumb Code     0  llshl.o(.text)
    __aeabi_llsr                             0x00000ef3   Thumb Code    32  llushr.o(.text)
    _ll_ushift_r                             0x00000ef3   Thumb Code     0  llushr.o(.text)
    __aeabi_lasr                             0x00000f13   Thumb Code    36  llsshr.o(.text)
    _ll_sshift_r                             0x00000f13   Thumb Code     0  llsshr.o(.text)
    _double_round                            0x00000f37   Thumb Code    26  depilogue.o(.text)
    _double_epilogue                         0x00000f51   Thumb Code   164  depilogue.o(.text)
    __0sprintf                               0x00000ff5   Thumb Code    34  printfa.o(i.__0sprintf)
    __1sprintf                               0x00000ff5   Thumb Code     0  printfa.o(i.__0sprintf)
    __2sprintf                               0x00000ff5   Thumb Code     0  printfa.o(i.__0sprintf)
    __c89sprintf                             0x00000ff5   Thumb Code     0  printfa.o(i.__0sprintf)
    sprintf                                  0x00000ff5   Thumb Code     0  printfa.o(i.__0sprintf)
    __scatterload_copy                       0x0000101d   Thumb Code    14  handlers.o(i.__scatterload_copy)
    __scatterload_null                       0x0000102b   Thumb Code     2  handlers.o(i.__scatterload_null)
    __scatterload_zeroinit                   0x0000102d   Thumb Code    14  handlers.o(i.__scatterload_zeroinit)
    Region$$Table$$Base                      0x000018e8   Number         0  anon$$obj.o(Region$$Table)
    Region$$Table$$Limit                     0x00001908   Number         0  anon$$obj.o(Region$$Table)
    bSendResultToUART                        0x20000000   Data           1  adcmeter.o(.data)
    ucTxBufferEmpty                          0x20000001   Data           1  adcmeter.o(.data)
    ulADC1Result                             0x20000004   Data           4  adcmeter.o(.data)
    ucComRx                                  0x20000008   Data           1  adcmeter.o(.data)
    ucADC0ERR                                0x20000009   Data           1  adcmeter.o(.data)
    fVoltage                                 0x2000000c   Data           4  adcmeter.o(.data)
    fVolts                                   0x20000010   Data           4  adcmeter.o(.data)
    szTemp                                   0x20000014   Data          64  adcmeter.o(.bss)
    __initial_sp                             0x20000458   Data           0  startup_aducm360.o(STACK)



==============================================================================

Memory Map of the image

  Image Entry point : 0x000000e1

  Load Region LR_IROM1 (Base: 0x00000000, Size: 0x0000191c, Max: 0x00020000, ABSOLUTE)

    Execution Region ER_IROM1 (Base: 0x00000000, Size: 0x00001908, Max: 0x00020000, ABSOLUTE)

    Base Addr    Size         Type   Attr      Idx    E Section Name        Object

    0x00000000   0x000000e0   Data   RO            3    RESET               startup_aducm360.o
    0x000000e0   0x00000000   Code   RO          441  * .ARM.Collect$$$$00000000  mc_w.l(entry.o)
    0x000000e0   0x00000004   Code   RO          715    .ARM.Collect$$$$00000001  mc_w.l(entry2.o)
    0x000000e4   0x00000004   Code   RO          718    .ARM.Collect$$$$00000004  mc_w.l(entry5.o)
    0x000000e8   0x00000000   Code   RO          720    .ARM.Collect$$$$00000008  mc_w.l(entry7b.o)
    0x000000e8   0x00000000   Code   RO          722    .ARM.Collect$$$$0000000A  mc_w.l(entry8b.o)
    0x000000e8   0x00000008   Code   RO          723    .ARM.Collect$$$$0000000B  mc_w.l(entry9a.o)
    0x000000f0   0x00000000   Code   RO          725    .ARM.Collect$$$$0000000D  mc_w.l(entry10a.o)
    0x000000f0   0x00000000   Code   RO          727    .ARM.Collect$$$$0000000F  mc_w.l(entry11a.o)
    0x000000f0   0x00000004   Code   RO          716    .ARM.Collect$$$$00002712  mc_w.l(entry2.o)
    0x000000f4   0x0000001c   Code   RO            4    .text               startup_aducm360.o
    0x00000110   0x00000254   Code   RO           12    .text               adcmeter.o
    0x00000364   0x00000078   Code   RO           94    .text               wdtlib.o
    0x000003dc   0x00000258   Code   RO          144    .text               adclib.o
    0x00000634   0x00000078   Code   RO          170    .text               clklib.o
    0x000006ac   0x000000d4   Code   RO          193    .text               daclib.o
    0x00000780   0x00000110   Code   RO          213    .text               diolib.o
    0x00000890   0x0000010c   Code   RO          397    .text               urtlib.o
    0x0000099c   0x0000000e   Code   RO          446    .text               mc_w.l(strlen.o)
    0x000009aa   0x0000006c   Code   RO          709    .text               mf_w.l(fmul.o)
    0x00000a16   0x00000012   Code   RO          711    .text               mf_w.l(fflti.o)
    0x00000a28   0x00000026   Code   RO          713    .text               mf_w.l(f2d.o)
    0x00000a4e   0x0000002c   Code   RO          732    .text               mc_w.l(uidiv.o)
    0x00000a7a   0x00000062   Code   RO          734    .text               mc_w.l(uldiv.o)
    0x00000adc   0x00000000   Code   RO          736    .text               mc_w.l(iusefp.o)
    0x00000adc   0x0000006c   Code   RO          737    .text               mf_w.l(fepilogue.o)
    0x00000b48   0x0000014e   Code   RO          739    .text               mf_w.l(dadd.o)
    0x00000c96   0x000000e4   Code   RO          741    .text               mf_w.l(dmul.o)
    0x00000d7a   0x000000de   Code   RO          743    .text               mf_w.l(ddiv.o)
    0x00000e58   0x00000030   Code   RO          745    .text               mf_w.l(dfixul.o)
    0x00000e88   0x00000028   Code   RO          747    .text               mf_w.l(cdrcmple.o)
    0x00000eb0   0x00000024   Code   RO          749    .text               mc_w.l(init.o)
    0x00000ed4   0x0000001e   Code   RO          752    .text               mc_w.l(llshl.o)
    0x00000ef2   0x00000020   Code   RO          754    .text               mc_w.l(llushr.o)
    0x00000f12   0x00000024   Code   RO          756    .text               mc_w.l(llsshr.o)
    0x00000f36   0x000000be   Code   RO          759    .text               mf_w.l(depilogue.o)
    0x00000ff4   0x00000028   Code   RO          683    i.__0sprintf        mc_w.l(printfa.o)
    0x0000101c   0x0000000e   Code   RO          763    i.__scatterload_copy  mc_w.l(handlers.o)
    0x0000102a   0x00000002   Code   RO          764    i.__scatterload_null  mc_w.l(handlers.o)
    0x0000102c   0x0000000e   Code   RO          765    i.__scatterload_zeroinit  mc_w.l(handlers.o)
    0x0000103a   0x00000002   PAD
    0x0000103c   0x0000015c   Code   RO          688    i._fp_digits        mc_w.l(printfa.o)
    0x00001198   0x000006f0   Code   RO          689    i._printf_core      mc_w.l(printfa.o)
    0x00001888   0x00000026   Code   RO          690    i._printf_post_padding  mc_w.l(printfa.o)
    0x000018ae   0x00000030   Code   RO          691    i._printf_pre_padding  mc_w.l(printfa.o)
    0x000018de   0x0000000a   Code   RO          693    i._sputc            mc_w.l(printfa.o)
    0x000018e8   0x00000020   Data   RO          761    Region$$Table       anon$$obj.o


    Execution Region RW_IRAM1 (Base: 0x20000000, Size: 0x00000458, Max: 0x00002000, ABSOLUTE)

    Base Addr    Size         Type   Attr      Idx    E Section Name        Object

    0x20000000   0x00000014   Data   RW           14    .data               adcmeter.o
    0x20000014   0x00000040   Zero   RW           13    .bss                adcmeter.o
    0x20000054   0x00000004   PAD
    0x20000058   0x00000400   Zero   RW            1    STACK               startup_aducm360.o


==============================================================================

Image component sizes


      Code (inc. data)   RO Data    RW Data    ZI Data      Debug   Object Name

       600         36          0          0          0       4006   adclib.o
       596         68          0         20         64     239546   adcmeter.o
       120         10          0          0          0       1503   clklib.o
       212          8          0          0          0       1342   daclib.o
       272          0          0          0          0       3797   diolib.o
        28          4        224          0       1024        784   startup_aducm360.o
       268         20          0          0          0       2534   urtlib.o
       120         12          0          0          0     210977   wdtlib.o

    ----------------------------------------------------------------------
      2216        158        256         20       1092     464489   Object Totals
         0          0         32          0          0          0   (incl. Generated)
         0          0          0          0          4          0   (incl. Padding)

    ----------------------------------------------------------------------

      Code (inc. data)   RO Data    RW Data    ZI Data      Debug   Library Member Name

         0          0          0          0          0          0   entry.o
         0          0          0          0          0          0   entry10a.o
         0          0          0          0          0          0   entry11a.o
         8          4          0          0          0          0   entry2.o
         4          0          0          0          0          0   entry5.o
         0          0          0          0          0          0   entry7b.o
         0          0          0          0          0          0   entry8b.o
         8          4          0          0          0          0   entry9a.o
        30          0          0          0          0          0   handlers.o
        36          8          0          0          0         68   init.o
         0          0          0          0          0          0   iusefp.o
        30          0          0          0          0         68   llshl.o
        36          0          0          0          0         68   llsshr.o
        32          0          0          0          0         68   llushr.o
      2260         86          0          0          0        512   printfa.o
        14          0          0          0          0         68   strlen.o
        44          0          0          0          0         80   uidiv.o
        98          0          0          0          0         92   uldiv.o
        40          2          0          0          0         68   cdrcmple.o
       334          0          0          0          0        144   dadd.o
       222          0          0          0          0        100   ddiv.o
       190          0          0          0          0        176   depilogue.o
        48          0          0          0          0         68   dfixul.o
       228          0          0          0          0         92   dmul.o
        38          0          0          0          0         68   f2d.o
       108          0          0          0          0        168   fepilogue.o
        18          0          0          0          0         68   fflti.o
       108          0          0          0          0         76   fmul.o

    ----------------------------------------------------------------------
      3936        104          0          0          0       2052   Library Totals
         2          0          0          0          0          0   (incl. Padding)

    ----------------------------------------------------------------------

      Code (inc. data)   RO Data    RW Data    ZI Data      Debug   Library Name

      2600        102          0          0          0       1024   mc_w.l
      1334          2          0          0          0       1028   mf_w.l

    ----------------------------------------------------------------------
      3936        104          0          0          0       2052   Library Totals

    ----------------------------------------------------------------------

==============================================================================


      Code (inc. data)   RO Data    RW Data    ZI Data      Debug   

      6152        262        256         20       1092     464617   Grand Totals
      6152        262        256         20       1092     464617   ELF Image Totals
      6152        262        256         20          0          0   ROM Totals

==============================================================================

    Total RO  Size (Code + RO Data)                 6408 (   6.26kB)
    Total RW  Size (RW Data + ZI Data)              1112 (   1.09kB)
    Total ROM Size (Code + RO Data + RW Data)       6428 (   6.28kB)

==============================================================================

